[INFO] Scanning for projects...
[INFO]
[INFO] ----------------------< com.nicolas:tripplanner >-----------------------
[INFO] Building TripPlanner 1.0.0
[INFO]   from pom.xml
[INFO] --------------------------------[ jar ]---------------------------------
[INFO]
[INFO] >>> spring-boot:3.2.0:run (default-cli) > test-compile @ tripplanner >>>
[INFO]
[INFO] --- resources:3.3.1:resources (default-resources) @ tripplanner ---
[INFO] Copying 1 resource from src/main/resources to target/classes
[INFO] Copying 0 resource from src/main/resources to target/classes
[INFO]
[INFO] --- compiler:3.11.0:compile (default-compile) @ tripplanner ---
[INFO] Nothing to compile - all classes are up to date
[INFO]
[INFO] --- resources:3.3.1:testResources (default-testResources) @ tripplanner ---
[INFO] skip non existing resourceDirectory /app/backend/src/test/resources
[INFO]
[INFO] --- compiler:3.11.0:testCompile (default-testCompile) @ tripplanner ---
[INFO] Nothing to compile - all classes are up to date
[INFO]
[INFO] <<< spring-boot:3.2.0:run (default-cli) < test-compile @ tripplanner <<<
[INFO]
[INFO]
[INFO] --- spring-boot:3.2.0:run (default-cli) @ tripplanner ---
[INFO] Attaching agents: []

  .   ____          _            __ _ _
 /\\ / ___'_ __ _ _(_)_ __  __ _ \ \ \ \
( ( )\___ | '_ | '_| | '_ \/ _` | \ \ \ \
 \\/  ___)| |_)| | | | | || (_| |  ) ) ) )
  '  |____| .__|_| |_|_| |_\__, | / / / /
 =========|_|==============|___/=/_/_/_/
 :: Spring Boot ::                (v3.2.0)

2026-07-13T22:59:56.033Z  INFO 17481 --- [tripplanner] [  restartedMain] c.n.tripplanner.TripPlannerApplication   : Starting TripPlannerApplication using Java 21.0.10 with PID 17481 (/app/backend/target/classes started by jules in /app/backend)
2026-07-13T22:59:56.036Z  INFO 17481 --- [tripplanner] [  restartedMain] c.n.tripplanner.TripPlannerApplication   : No active profile set, falling back to 1 default profile: "default"
2026-07-13T22:59:56.088Z  INFO 17481 --- [tripplanner] [  restartedMain] .e.DevToolsPropertyDefaultsPostProcessor : Devtools property defaults active! Set 'spring.devtools.add-properties' to 'false' to disable
2026-07-13T22:59:56.088Z  INFO 17481 --- [tripplanner] [  restartedMain] .e.DevToolsPropertyDefaultsPostProcessor : For additional web related logging consider setting the 'logging.level.web' property to 'DEBUG'
2026-07-13T22:59:56.819Z  INFO 17481 --- [tripplanner] [  restartedMain] .s.d.r.c.RepositoryConfigurationDelegate : Bootstrapping Spring Data JPA repositories in DEFAULT mode.
2026-07-13T22:59:56.915Z  INFO 17481 --- [tripplanner] [  restartedMain] .s.d.r.c.RepositoryConfigurationDelegate : Finished Spring Data repository scanning in 70 ms. Found 1 JPA repository interface.
2026-07-13T22:59:57.564Z  INFO 17481 --- [tripplanner] [  restartedMain] o.s.b.w.embedded.tomcat.TomcatWebServer  : Tomcat initialized with port 8080 (http)
2026-07-13T22:59:57.577Z  INFO 17481 --- [tripplanner] [  restartedMain] o.apache.catalina.core.StandardService   : Starting service [Tomcat]
2026-07-13T22:59:57.577Z  INFO 17481 --- [tripplanner] [  restartedMain] o.apache.catalina.core.StandardEngine    : Starting Servlet engine: [Apache Tomcat/10.1.16]
2026-07-13T22:59:57.623Z  INFO 17481 --- [tripplanner] [  restartedMain] o.a.c.c.C.[Tomcat].[localhost].[/]       : Initializing Spring embedded WebApplicationContext
2026-07-13T22:59:57.624Z  INFO 17481 --- [tripplanner] [  restartedMain] w.s.c.ServletWebServerApplicationContext : Root WebApplicationContext: initialization completed in 1534 ms
2026-07-13T22:59:57.659Z  INFO 17481 --- [tripplanner] [  restartedMain] com.zaxxer.hikari.HikariDataSource       : HikariPool-1 - Starting...
2026-07-13T22:59:57.853Z  INFO 17481 --- [tripplanner] [  restartedMain] com.zaxxer.hikari.pool.HikariPool        : HikariPool-1 - Added connection conn0: url=jdbc:h2:mem:tripplannerdb user=SA
2026-07-13T22:59:57.855Z  INFO 17481 --- [tripplanner] [  restartedMain] com.zaxxer.hikari.HikariDataSource       : HikariPool-1 - Start completed.
2026-07-13T22:59:57.869Z  INFO 17481 --- [tripplanner] [  restartedMain] o.s.b.a.h2.H2ConsoleAutoConfiguration    : H2 console available at '/h2-console'. Database available at 'jdbc:h2:mem:tripplannerdb'
2026-07-13T22:59:58.009Z  INFO 17481 --- [tripplanner] [  restartedMain] o.hibernate.jpa.internal.util.LogHelper  : HHH000204: Processing PersistenceUnitInfo [name: default]
2026-07-13T22:59:58.059Z  INFO 17481 --- [tripplanner] [  restartedMain] org.hibernate.Version                    : HHH000412: Hibernate ORM core version 6.3.1.Final
2026-07-13T22:59:58.106Z  INFO 17481 --- [tripplanner] [  restartedMain] o.h.c.internal.RegionFactoryInitiator    : HHH000026: Second-level cache disabled
2026-07-13T22:59:58.356Z  INFO 17481 --- [tripplanner] [  restartedMain] o.s.o.j.p.SpringPersistenceUnitInfo      : No LoadTimeWeaver setup: ignoring JPA class transformer
2026-07-13T22:59:58.402Z  WARN 17481 --- [tripplanner] [  restartedMain] org.hibernate.orm.deprecation            : HHH90000025: H2Dialect does not need to be specified explicitly using 'hibernate.dialect' (remove the property setting and it will be selected by default)
2026-07-13T22:59:59.220Z  INFO 17481 --- [tripplanner] [  restartedMain] o.h.e.t.j.p.i.JtaPlatformInitiator       : HHH000489: No JTA platform available (set 'hibernate.transaction.jta.platform' to enable JTA platform integration)
2026-07-13T22:59:59.262Z  INFO 17481 --- [tripplanner] [  restartedMain] j.LocalContainerEntityManagerFactoryBean : Initialized JPA EntityManagerFactory for persistence unit 'default'
2026-07-13T22:59:59.610Z  INFO 17481 --- [tripplanner] [  restartedMain] o.s.d.j.r.query.QueryEnhancerFactory     : Hibernate is in classpath; If applicable, HQL parser will be used.
2026-07-13T23:00:00.203Z  WARN 17481 --- [tripplanner] [  restartedMain] JpaBaseConfiguration$JpaWebConfiguration : spring.jpa.open-in-view is enabled by default. Therefore, database queries may be performed during view rendering. Explicitly configure spring.jpa.open-in-view to disable this warning
2026-07-13T23:00:00.576Z  INFO 17481 --- [tripplanner] [  restartedMain] o.s.b.d.a.OptionalLiveReloadServer       : LiveReload server is running on port 35729
2026-07-13T23:00:00.609Z  INFO 17481 --- [tripplanner] [  restartedMain] o.s.b.w.embedded.tomcat.TomcatWebServer  : Tomcat started on port 8080 (http) with context path ''
2026-07-13T23:00:00.618Z  INFO 17481 --- [tripplanner] [  restartedMain] c.n.tripplanner.TripPlannerApplication   : Started TripPlannerApplication in 4.986 seconds (process running for 5.42)
Seeding time (saveAll): 65.407258 ms
2026-07-13T23:00:01.291Z  INFO 17481 --- [tripplanner] [ionShutdownHook] j.LocalContainerEntityManagerFactoryBean : Closing JPA EntityManagerFactory for persistence unit 'default'
2026-07-13T23:00:01.297Z  WARN 17481 --- [tripplanner] [ionShutdownHook] o.s.b.f.support.DisposableBeanAdapter    : Invocation of destroy method failed on bean with name 'inMemoryDatabaseShutdownExecutor': org.h2.jdbc.JdbcSQLNonTransientConnectionException: Database is already closed (to disable automatic closing at VM shutdown, add ";DB_CLOSE_ON_EXIT=FALSE" to the db URL) [90121-224]
2026-07-13T23:00:01.298Z  INFO 17481 --- [tripplanner] [ionShutdownHook] com.zaxxer.hikari.HikariDataSource       : HikariPool-1 - Shutdown initiated...
2026-07-13T23:00:01.301Z  INFO 17481 --- [tripplanner] [ionShutdownHook] com.zaxxer.hikari.HikariDataSource       : HikariPool-1 - Shutdown completed.
[INFO] ------------------------------------------------------------------------
[INFO] BUILD FAILURE
[INFO] ------------------------------------------------------------------------
[INFO] Total time:  7.869 s
[INFO] Finished at: 2026-07-13T23:00:01Z
[INFO] ------------------------------------------------------------------------
[ERROR] Failed to execute goal org.springframework.boot:spring-boot-maven-plugin:3.2.0:run (default-cli) on project tripplanner: Process terminated with exit code: 143 -> [Help 1]
[ERROR]
[ERROR] To see the full stack trace of the errors, re-run Maven with the -e switch.
[ERROR] Re-run Maven using the -X switch to enable full debug logging.
[ERROR]
[ERROR] For more information about the errors and possible solutions, please read the following articles:
[ERROR] [Help 1] http://cwiki.apache.org/confluence/display/MAVEN/MojoExecutionException
